error C2143: missing ";" before "typedef" in line 1 column 16
