error C2091: function returns function in line 1 column 8
