error C2092: element type of array cannot be function in line 1 column 14
