error C3769: "a" : a nested class cannot have the same name as the immediately enclosing class in line 4 column 4
