1	1	abc		chr_val
1	6	abc		identifier
1	9	abc		chr_val
