1	1	double		double
2	1	struct		struct
3	1	break		break
4	1	else		else
5	1	long		long
6	1	switch		switch
7	1	case		case
8	1	enum		enum
9	1	register		register
10	1	typedef		typedef
11	1	char		char
12	1	return		return
13	1	union		union
14	1	const		const
15	1	float		float
16	1	short		short
17	1	unsigned		unsigned
18	1	continue		continue
19	1	for		for
20	1	signed		signed
21	1	void		void
22	1	default		default
23	1	sizeof		sizeof
24	1	do		do
25	1	if		if
26	1	while		while
