1	1	a		identifier
1	2	++		++
1	4	++		++
1	6	++		++
1	8	++		++
1	10	++		++
1	12	++		++
1	14	++		++
1	16	++		++
1	18	+		+
2	1	a		identifier
2	2	--		--
2	4	--		--
2	6	--		--
2	8	--		--
2	10	--		--
2	12	--		--
2	14	--		--
2	16	--		--
2	18	-		-
