1	1	sstr1		identifier
1	7	abc123		identifier
2	1	123		int_val
2	4	abc		identifier
2	8	int1		identifier
2	13	double23	identifier
