1	1	asdasdasd		str_lit
1	13	asdasdas		chr_val
2	1	ad		str_lit
2	5	asda		identifier
2	9	sda		str_lit
2	15	asd		chr_val
2	20	asd		identifier
2	23	asd		chr_val