1	1	.0		dbl_val
2	1	.123456		dbl_val
3	1	.1234567890		dbl_val
