1	1	k		identifier
1	2	++		++
1	4	++		++
1	6	+		+
1	7	--		--
1	9	-		-
1	10	++		++
1	12	--		--
1	14	-		-
1	15	+		+