struct point
	x: variable
		int
	y: variable
		int
