A: variable
	struct point
		x: variable
			int
		y: variable
			int
struct point
	x: variable
		int
	y: variable
		int
