f: function
	b: parameter
		struct a
			c: variable
				int
returns
	void
struct a
	c: variable
		int
