p: alias for
	pointer(s) to
		pointer(s) to
			pointer(s) to
				int
