error C2086: int a: redefinition in line 3 column 2
