error C2371: syntax error: 'func': redefinition; different basic types in line 2 column 5
