error C2556: f: overloaded functions only differ by return type in line 2 column 1
