error C2044: illegal 'continue' in line 2 column 2
