error C2440: cannot convert "struct point" to "int" in line 6 column 10
