main: function
	{
	}
returns
	void
a: variable
	int
