		k
	>>=
			j
		<<=
				i
			&=
					h
				|=
						g
					^=
							f
						%=
								e
							/=
									d
								*=
										c
									-=
											1
										+=
											b
=
	a
