main: function
	{
		b: variable
			int
		c: variable
			int
		expression:
					z
				int
			+=
				b
		expression:
				10
			=
				c
	}
returns
	void
