main: function
	b: variable
		int
	expression:
			1
		=
			b
returns
	void
