main: function
	b: parameter
		int
	{
		expression:
				b
			+
				1
	}
returns
	void
