main: function
	{
		a: variable
			int
		expression:
				0
			=
				a
		if: cond stmt
			exec cond:
					1
				==
					a
			{
				expression:
							z
						int
					+=
						a
			}
		else:
			{
				if: cond stmt
					exec cond:
							0
						==
							a
					{
						expression:
									z
								int
							-=
								a
					}
			}
	}
returns
	void
