main: function
	a: parameter
		int
	{
		b: variable
			int
		c: variable
			int
	}
returns
	void
a: variable
	int
