	0
[]
		c
	.
		()
				b
			->
					a
				.
						2
					[]
							1
						[]
								0
							[]
								()
									()
										()
											f
