main: function
	{
		i: variable
			int
		for: loop
			{
				expression:
						1
					=
						i
			}
	}
returns
	void
