main: function
	{
		for: loop
			{
				break
			}
	}
returns
	void
