main: function
	{
		while: loop
			continued cond:
				1
			{
				break
			}
	}
returns
	void
