main: function
	{
		for: loop
			{
				continue
			}
	}
returns
	void
