main: function
	{
		i: variable
			int
		for: loop
			init:
				expression:
						0
					=
						i
			end cond:
					10000
				<
					i
			step:
				expression:
					++
						i
			{
				if: cond stmt
					exec cond:
							5
						==
							i
					{
						return:
							expression:
									a
								int
					}
			}
	}
returns
	int
