main: function
	{
		expression:
			2
		printf:
			
				expression:
					%d
				expression:
					1
	}
returns
	void
