main: function
	expression:
			2
		+
			1
returns
	void
