a: function
	{
		expression:
			1
	}
returns
	void
main: function
	{
	}
returns
	void
