error C2120: 'void' illegal with all types in line 1 column 2
