	()
		f
			0
		*
			123
	-
		123
?:
			c
		*
			b
	+
		a
